[map]
version=1
mapSize=@Variant(\0\0\0\x16@\x97p\0\0\0\0\0@\x97p\0\0\0\0\0)
ambientLight=@Variant(\0\0\0\x87>\xb3\x33\x33)
gridSize=@Variant(\0\0\0\x87\x41p\0\0)
autoGrid=true
lights=@Variant(\0\0\0\x7f\0\0\0\xfSLightSettings\0@q\xdbK\x89\xb6\x6\xeb@d\xaa\x10j\xf7\xdd\x42@gvI\xc0\0\0\0), @Variant(\0\0\0\x7f\0\0\0\xfSLightSettings\0@~\fR\xd4\x8d\x17\xc6@y^\xa6\xc2\xc4\xfbh@i} \0\0\0\0), @Variant(\0\0\0\x7f\0\0\0\xfSLightSettings\0@\x8d/`\xdc\x19\xf0\xc0@\x8e\x1e\x9d\\\xd7\x9c\x98@j\xa2\xd5\x80\0\0\0), @Variant(\0\0\0\x7f\0\0\0\xfSLightSettings\0@\x86\x84\x32t\x5\x9f\xa4@\x85\x18\x3\xf0QDh@i\xf2\xd5\xc0\0\0\0), "@Variant(\0\0\0\x7f\0\0\0\xfSLightSettings\0@b\xceSF\x8f\xe7\x9c@\x85\x93\xa2K\xcd,\x10@s\xb2\x81\xc0\0\0\0)", @Variant(\0\0\0\x7f\0\0\0\xfSLightSettings\0@\x84(\x9c\xf5\x1e\x17@@R\xc3G\x9e#\xd7p@yUT\xa0\0\0\0)
shadowQuality=1
walls=@Variant(\0\0\0\x7f\0\0\0\x10SObjectSettings\0@o\xe7\x61\x8b\x35R\xc6@\x90\xa7\x61\xfc\x2\x44|@b\xc1\xa3\x91\x34pH@`\xd0h\x8d\x88\x13`), @Variant(\0\0\0\x7f\0\0\0\x10SObjectSettings\0@\x92\r\xbd\xd7K\xab\xce@jF\x8f\x9f\xe5\xe3\xf5@^\x4\xeb\x83\xdc\x99\0@f\x8a\xaa\b\xb2V&)
boxes=@Invalid()
robotStartPosition=@Variant(\0\0\0\x1a@\x84+!2\xa9z3@\x90\xa6\xf2\x64?\xf3\xc8)
robotStartRotation=0
scale=0.513158118230707
