[map]
version=1
mapSize=@Variant(\0\0\0\x16@\xa7p\0\0\0\0\0@\xa7p\0\0\0\0\0)
ambientLight=@Variant(\0\0\0\x87?\f\xcc\xcd)
gridSize=@Variant(\0\0\0\x87\x41p\0\0)
autoGrid=true
lights=@Variant(\0\0\0\t\0\0\0\x1\0\0\0\x7f\0\0\0\xfSLightSettings\0\xc0G.\xfe&\xb2\xc8\xe0@]\xc8-\xdb\xf8\x42\xf0@\x96\xc2\xf4\xc0\0\0\0)
shadowQuality=1
walls=@Variant(\0\0\0\x7f\0\0\0\x10SObjectSettings\0@\x85\x1a\xe0\xae\x1e\x94\x9d@s\xbc\x99\x5\x46\x43\xe9@`\xe9\xc2\n\xbdQ\xd0@\x8ez\xe5\x87\xe9\x65\xde), "@Variant(\0\0\0\x7f\0\0\0\x10SObjectSettings\0@\x85\x1f\xa3;\xbc\x4\xd9@\x9a\xb9\xedQy\xbe.@^!F\xce\xb8\x1e\0@\x8f\xe0\xf9\xf4\xd4\xe7\xba)", "@Variant(\0\0\0\x7f\0\0\0\x10SObjectSettings\0@\x9d\xc4\x91\x10\x15\xe1u@s\xb3\x13\xea\vcq@^;2a\xcc\x9c @\x8eyF\xce\xb8\x1d\xfc)", @Variant(\0\0\0\x7f\0\0\0\x10SObjectSettings\0@\x9e\x2\"\xfaK\xf5\xa2@\x9a\xf6\xa3\x10\x1b\xfa\xb4@^.<\x98\x42]\x10@\x8f\xe1\x13\x92\xcbO()
boxes=@Invalid()
robotStartPosition=@Variant(\0\0\0\x1a@\x96\x12\0\0\0\0\0@\x95\xec\0\0\0\0\0)
robotStartRotation=0
scale=0.26333125430608
