[map]
version=1
mapSize=@Variant(\0\0\0\x16@\x97p\0\0\0\0\0@\x97p\0\0\0\0\0)
ambientLight=@Variant(\0\0\0\x87>\xb3\x33\x33)
gridSize=@Variant(\0\0\0\x87\x41p\0\0)
autoGrid=true
lights=@Variant(\0\0\0\x7f\0\0\0\xfSLightSettings\0\xc0]~dp\xee\x14\x44\xc0Y\x92\x15\xc1]\x98\x64@vb\xac`\0\0\0), @Variant(\0\0\0\x7f\0\0\0\xfSLightSettings\0@\x8b\xd4\x17\xd7\0T\xbc\xc0`0o\b\xe6\x8e>@x\x91r \0\0\0), @Variant(\0\0\0\x7f\0\0\0\xfSLightSettings\0@\x8am\x1e\x13\x7f+\\@\x83\xe2\xa8\x1d\x81\f\xde@{>\xfc\xa0\0\0\0), @Variant(\0\0\0\x7f\0\0\0\xfSLightSettings\0\xc0/HM0\xe9\xac\xc0@\x7f\xe8\x32\xcd\x92$\\@\x7fu\x89\xc0\0\0\0)
shadowQuality=1
walls="@Variant(\0\0\0\x7f\0\0\0\x10SObjectSettings\0@\x8e\xf0h%hoW@\x83=\x89K\x1d\x34\xc5@~\x6&\x87\x88\xf5\xde@R\xd3\xb0\xc5\x9a\xa9h)", @Variant(\0\0\0\x7f\0\0\0\x10SObjectSettings\0@\x8e\xf6[\x2\\\xd1\x94@\x8c\x9e\xc4\x1a\xb9\xbf\xad@R\xc6\x8f\xe5PQP@\x81[\xe5@n\x85\x17), "@Variant(\0\0\0\x7f\0\0\0\x10SObjectSettings\0@\x8e\xf7\x96\x17\x63\xc9\xd5@>\x13\xb0:\xc5\xce\xb0@R\xc3G\xad=\xbbP@xm\x89(g\xfe\x19)", "@Variant(\0\0\0\x7f\0\0\0\x10SObjectSettings\0@> \xd1\x1b\x10&\xc8@\x80\xe6[j|u\x9d@wsG\x8a\x88\x84\x9f@R\xc3G\xad=\xbbL)", "@Variant(\0\0\0\x7f\0\0\0\x10SObjectSettings\0@|!\xa3K\xca\x2\xef@> \xd1\x1b\x10&\xc0@R\xbc\xb7=\x18\x8f\x44@p\xed Uu}[)"
boxes=@Variant(\0\0\0\x7f\0\0\0\x10SObjectSettings\0@`\xf0h\x8d\x88\x13`@\x8c\x9d\xf2\f\xb5\x1a*@`\xe6\x8f\xe5PQR@]\xfe[\x13\xb7l\xf0), "@Variant(\0\0\0\x7f\0\0\0\x10SObjectSettings\0@f\x87\x61\xd0\x9f\xc0%@\x93t\xb7=\x18\x8f\x44@`\xeb|9l2Y@`\xed Uu}X)", @Variant(\0\0\0\x7f\0\0\0\x10SObjectSettings\0@zM \x10\v\x10\0@\x93\xb2\xde\x9d\x8e\x1a\xe1@b\xc4\xeb\xc9G\x6P@^\b3\xbb\xef/\0)
robotStartPosition=@Variant(\0\0\0\x1a@\x80\xe6\x41\xc0\x94\xb0&@\x8e\x1:\xcf\x9c\x8a\xe6)
robotStartRotation=0
scale=0.513158118230707
