[map]
version=1
mapSize=@Variant(\0\0\0\x16@\x97p\0\0\0\0\0@\x97p\0\0\0\0\0)
ambientLight=@Variant(\0\0\0\x87?\x86\x66\x66)
gridSize=@Variant(\0\0\0\x87\x41p\0\0)
autoGrid=true
lights=@Invalid()
shadowQuality=1
walls="@Variant(\0\0\0\x7f\0\0\0\x10SObjectSettings\0@>\x13\xb0:\xc5\xce\xa8@\x80\xe7\xff\x86\x85\xc0\xa1@}\x10\xd1=\xc5]o@]\xea\xa9\xc3G\xe8\xd0)", @Variant(\0\0\0\x7f\0\0\0\x10SObjectSettings\0@\x8e\xf7-\x10\x61w\x17@\x80\xe4NGp\xd7\xdc@~\x6\xf8\x95\x8d\x9bV@^1:3m\x14\xd8)
boxes="@Variant(\0\0\0\x7f\0\0\0\x10SObjectSettings\0@\x84(3\xef\xff\0\xfe@f\x8a\xaa\b\xb2V*@j0hH\x1d\xa6\b@d\x96&\xcc\xf3\x63;)", "@Variant(\0\0\0\x7f\0\0\0\x10SObjectSettings\0@u\x90hj\xd2\xdc\xb4@\x92\xff\xffu+%J@^-\xf1\xfbZ~\xe0@Z\xe\xc4,\x14[\0)", @Variant(\0\0\0\x7f\0\0\0\x10SObjectSettings\0@\x93t\x82\xb9\x97\x65\xe5@\x8b\xac\x19u\xd7\xf3u@^\b3\xbb\xef.\xf0@Vo\x96\\\xce\x37\x30)
robotStartPosition=@Variant(\0\0\0\x1a@\x84(\xecT\x1b\xe1\a@\x8d\x8a\f\xdd\xa1\x30h)
robotStartRotation=0
scale=0.513158118230707
