[map]
version=1
mapSize=@Variant(\0\0\0\x16@\xa7p\0\0\0\0\0@\xa7p\0\0\0\0\0)
ambientLight=@Variant(\0\0\0\x87?s33)
gridSize=@Variant(\0\0\0\x87\x41p\0\0)
autoGrid=true
lights=@Invalid()
shadowQuality=1
walls=@Variant(\0\0\0\x7f\0\0\0\x10SObjectSettings\0@\x89\xc8u\x5:\x11l@\xa2\xde\x3L\x18\b\xa7@V\x95\xea\xe4\x94U\x88@\x81[za\xe5\x1\x18), @Variant(\0\0\0\x7f\0\0\0\x10SObjectSettings\0@\xa1\xef`\xc3\xee\x99\xb0@\x9a\x6\xc9}\r\x95\xd4@\x85\x19\x41\xf4\xedL\xbc@]\xee<\x98\x42]\0), @Variant(\0\0\0\x7f\0\0\0\x10SObjectSettings\0@\x93\xb0\xb2\xa3<\xabS@\x82KG%\xf8\x32\x46@\x85\x91(V\xf6\xe5R@`\xe3\xad\x9d\xd1\xcf\xec)
boxes=@Variant(\0\0\0\x7f\0\0\0\x10SObjectSettings\0@o\xe0\xe0V\xde\x80T@p\xe3za\xe5\x1\x1a@Zb\x13\xbekYL@V\xa2\xe0\xae\x1e\x94\x9c), @Variant(\0\0\0\x7f\0\0\0\x10SObjectSettings\0@\xa0\xe1%\xea\x11|\xb1@\xa2\f)\xb9\t\xa3\xc6@]\xe1\x46\xce\xb8\x1e\0@R\xbc\xcc\x41\x33\x12\xc0), @Variant(\0\0\0\x7f\0\0\0\x10SObjectSettings\0@p\xe6\xb7\xd4G\x90\xde@\x98\x62\x46\xfaX(!@d\x96Q\\m\xf3\x34@^\b(+V\xdb\x30)
robotStartPosition=@Variant(\0\0\0\x1a@\x96\x12\0\0\0\0\0@\x95\xec\0\0\0\0\0)
robotStartRotation=0
scale=0.26333125430608
